/home/cril/wwf/Benchmarks/MILP/fhnw-binpack4-4.mps.gz
/home/cril/wwf/Benchmarks/MILP/gen-ip054.mps.gz
/home/cril/wwf/Benchmarks/MILP/timtab1.mps.gz
/home/cril/wwf/Benchmarks/MILP/neos-848589.mps.gz
/home/cril/wwf/Benchmarks/MILP/neos-1122047.mps.gz
/home/cril/wwf/Benchmarks/MILP/neos-3381206-awhea.mps.gz
/home/cril/wwf/Benchmarks/MILP/netdiversion.mps.gz
/home/cril/wwf/Benchmarks/MILP/neos-2987310-joes.mps.gz
/home/cril/wwf/Benchmarks/MILP/beasleyC3.mps.gz
/home/cril/wwf/Benchmarks/MILP/gmu-35-50.mps.gz
/home/cril/wwf/Benchmarks/MILP/neos-5188808-nattai.mps.gz
/home/cril/wwf/Benchmarks/MILP/savsched1.mps.gz
/home/cril/wwf/Benchmarks/MILP/gmu-35-40.mps.gz
/home/cril/wwf/Benchmarks/MILP/neos-3555904-turama.mps.gz
/home/cril/wwf/Benchmarks/MILP/neos-3024952-loue.mps.gz
/home/cril/wwf/Benchmarks/MILP/neos-3988577-wolgan.mps.gz
/home/cril/wwf/Benchmarks/MILP/blp-ic98.mps.gz
/home/cril/wwf/Benchmarks/MILP/csched007.mps.gz
/home/cril/wwf/Benchmarks/MILP/CMS750_4.mps.gz
/home/cril/wwf/Benchmarks/MILP/nw04.mps.gz
/home/cril/wwf/Benchmarks/MILP/neos-933966.mps.gz
/home/cril/wwf/Benchmarks/MILP/neos-911970.mps.gz
/home/cril/wwf/Benchmarks/MILP/30n20b8.mps.gz
/home/cril/wwf/Benchmarks/MILP/rail507.mps.gz
/home/cril/wwf/Benchmarks/MILP/neos-860300.mps.gz
/home/cril/wwf/Benchmarks/MILP/net12.mps.gz
/home/cril/wwf/Benchmarks/MILP/glass-sc.mps.gz
/home/cril/wwf/Benchmarks/MILP/thor50dday.mps.gz
/home/cril/wwf/Benchmarks/MILP/dano3_5.mps.gz
/home/cril/wwf/Benchmarks/MILP/square47.mps.gz
/home/cril/wwf/Benchmarks/MILP/bnatt500.mps.gz
/home/cril/wwf/Benchmarks/MILP/cmflsp50-24-8-8.mps.gz
/home/cril/wwf/Benchmarks/MILP/neos859080.mps.gz
/home/cril/wwf/Benchmarks/MILP/triptim1.mps.gz
/home/cril/wwf/Benchmarks/MILP/blp-ar98.mps.gz
/home/cril/wwf/Benchmarks/MILP/traininstance2.mps.gz
/home/cril/wwf/Benchmarks/MILP/opm2-z10-s4.mps.gz
/home/cril/wwf/Benchmarks/MILP/bnatt400.mps.gz
/home/cril/wwf/Benchmarks/MILP/supportcase40.mps.gz
/home/cril/wwf/Benchmarks/MILP/satellites2-60-fs.mps.gz
/home/cril/wwf/Benchmarks/MILP/roll3000.mps.gz
/home/cril/wwf/Benchmarks/MILP/neos-4738912-atrato.mps.gz
/home/cril/wwf/Benchmarks/MILP/neos-4532248-waihi.mps.gz
/home/cril/wwf/Benchmarks/MILP/co-100.mps.gz
/home/cril/wwf/Benchmarks/MILP/supportcase26.mps.gz
/home/cril/wwf/Benchmarks/MILP/brazil3.mps.gz
/home/cril/wwf/Benchmarks/MILP/mzzv11.mps.gz
/home/cril/wwf/Benchmarks/MILP/swath1.mps.gz
/home/cril/wwf/Benchmarks/MILP/neos-2075418-temuka.mps.gz
/home/cril/wwf/Benchmarks/MILP/sorrell3.mps.gz
/home/cril/wwf/Benchmarks/MILP/rail02.mps.gz
/home/cril/wwf/Benchmarks/MILP/comp07-2idx.mps.gz
/home/cril/wwf/Benchmarks/MILP/neos-5093327-huahum.mps.gz
/home/cril/wwf/Benchmarks/MILP/n5-3.mps.gz
/home/cril/wwf/Benchmarks/MILP/neos-4300652-rahue.mps.gz
/home/cril/wwf/Benchmarks/MILP/neos-5052403-cygnet.mps.gz
/home/cril/wwf/Benchmarks/MILP/irp.mps.gz
/home/cril/wwf/Benchmarks/MILP/lotsize.mps.gz
/home/cril/wwf/Benchmarks/MILP/neos-5107597-kakapo.mps.gz
/home/cril/wwf/Benchmarks/MILP/academictimetablesmall.mps.gz
/home/cril/wwf/Benchmarks/MILP/drayage-25-23.mps.gz
/home/cril/wwf/Benchmarks/MILP/bppc4-08.mps.gz
/home/cril/wwf/Benchmarks/MILP/sing326.mps.gz
/home/cril/wwf/Benchmarks/MILP/50v-10.mps.gz
/home/cril/wwf/Benchmarks/MILP/p200x1188c.mps.gz
/home/cril/wwf/Benchmarks/MILP/sct2.mps.gz
/home/cril/wwf/Benchmarks/MILP/supportcase6.mps.gz
/home/cril/wwf/Benchmarks/MILP/piperout-27.mps.gz
/home/cril/wwf/Benchmarks/MILP/milo-v12-6-r2-40-1.mps.gz
/home/cril/wwf/Benchmarks/MILP/markshare_4_0.mps.gz
/home/cril/wwf/Benchmarks/MILP/nu25-pr12.mps.gz
/home/cril/wwf/Benchmarks/MILP/neos-4413714-turia.mps.gz
/home/cril/wwf/Benchmarks/MILP/n2seq36q.mps.gz
/home/cril/wwf/Benchmarks/MILP/traininstance6.mps.gz
/home/cril/wwf/Benchmarks/MILP/sing44.mps.gz
/home/cril/wwf/Benchmarks/MILP/proteindesign122trx11p8.mps.gz
/home/cril/wwf/Benchmarks/MILP/atlanta-ip.mps.gz
/home/cril/wwf/Benchmarks/MILP/neos-5114902-kasavu.mps.gz
/home/cril/wwf/Benchmarks/MILP/proteindesign121hz512p9.mps.gz
/home/cril/wwf/Benchmarks/MILP/sp98ar.mps.gz
/home/cril/wwf/Benchmarks/MILP/satellites2-40.mps.gz
/home/cril/wwf/Benchmarks/MILP/fastxgemm-n2r6s0t2.mps.gz
/home/cril/wwf/Benchmarks/MILP/fhnw-binpack4-48.mps.gz
/home/cril/wwf/Benchmarks/MILP/h80x6320d.mps.gz
/home/cril/wwf/Benchmarks/MILP/neos-950242.mps.gz
/home/cril/wwf/Benchmarks/MILP/supportcase19.mps.gz
/home/cril/wwf/Benchmarks/MILP/chromaticindex512-7.mps.gz
/home/cril/wwf/Benchmarks/MILP/supportcase22.mps.gz
/home/cril/wwf/Benchmarks/MILP/dws008-01.mps.gz
/home/cril/wwf/Benchmarks/MILP/reblock115.mps.gz
/home/cril/wwf/Benchmarks/MILP/neos-1445765.mps.gz
/home/cril/wwf/Benchmarks/MILP/air05.mps.gz
/home/cril/wwf/Benchmarks/MILP/neos-2978193-inde.mps.gz
/home/cril/wwf/Benchmarks/MILP/supportcase42.mps.gz
/home/cril/wwf/Benchmarks/MILP/neos-3046615-murg.mps.gz
/home/cril/wwf/Benchmarks/MILP/pg.mps.gz
/home/cril/wwf/Benchmarks/MILP/mushroom-best.mps.gz
/home/cril/wwf/Benchmarks/MILP/buildingenergy.mps.gz
/home/cril/wwf/Benchmarks/MILP/b1c1s1.mps.gz
/home/cril/wwf/Benchmarks/MILP/ex9.mps.gz
/home/cril/wwf/Benchmarks/MILP/roi2alpha3n4.mps.gz
/home/cril/wwf/Benchmarks/MILP/roi5alpha10n8.mps.gz
/home/cril/wwf/Benchmarks/MILP/neos5.mps.gz
/home/cril/wwf/Benchmarks/MILP/pk1.mps.gz
/home/cril/wwf/Benchmarks/MILP/neos-5104907-jarama.mps.gz
/home/cril/wwf/Benchmarks/MILP/seymour.mps.gz
/home/cril/wwf/Benchmarks/MILP/rd-rplusc-21.mps.gz
/home/cril/wwf/Benchmarks/MILP/rococoC10-001000.mps.gz
/home/cril/wwf/Benchmarks/MILP/neos-631710.mps.gz
/home/cril/wwf/Benchmarks/MILP/sp150x300d.mps.gz
/home/cril/wwf/Benchmarks/MILP/seymour1.mps.gz
/home/cril/wwf/Benchmarks/MILP/binkar10_1.mps.gz
/home/cril/wwf/Benchmarks/MILP/neos-1456979.mps.gz
/home/cril/wwf/Benchmarks/MILP/uccase12.mps.gz
/home/cril/wwf/Benchmarks/MILP/mzzv42z.mps.gz
/home/cril/wwf/Benchmarks/MILP/highschool1-aigio.mps.gz
/home/cril/wwf/Benchmarks/MILP/neos-4954672-berkel.mps.gz
/home/cril/wwf/Benchmarks/MILP/tr12-30.mps.gz
/home/cril/wwf/Benchmarks/MILP/ns1952667.mps.gz
/home/cril/wwf/Benchmarks/MILP/bab6.mps.gz
/home/cril/wwf/Benchmarks/MILP/uccase9.mps.gz
/home/cril/wwf/Benchmarks/MILP/neos-3627168-kasai.mps.gz
/home/cril/wwf/Benchmarks/MILP/neos-5049753-cuanza.mps.gz
/home/cril/wwf/Benchmarks/MILP/neos-2746589-doon.mps.gz
/home/cril/wwf/Benchmarks/MILP/neos17.mps.gz
/home/cril/wwf/Benchmarks/MILP/s250r10.mps.gz
/home/cril/wwf/Benchmarks/MILP/cbs-cta.mps.gz
/home/cril/wwf/Benchmarks/MILP/neos-2657525-crna.mps.gz
/home/cril/wwf/Benchmarks/MILP/ns1644855.mps.gz
/home/cril/wwf/Benchmarks/MILP/neos-3754480-nidda.mps.gz
/home/cril/wwf/Benchmarks/MILP/neos-4387871-tavua.mps.gz
/home/cril/wwf/Benchmarks/MILP/neos-1582420.mps.gz
/home/cril/wwf/Benchmarks/MILP/splice1k1.mps.gz
/home/cril/wwf/Benchmarks/MILP/leo1.mps.gz
/home/cril/wwf/Benchmarks/MILP/graphdraw-domain.mps.gz
/home/cril/wwf/Benchmarks/MILP/neos-1354092.mps.gz
/home/cril/wwf/Benchmarks/MILP/rmatr100-p10.mps.gz
/home/cril/wwf/Benchmarks/MILP/neos-787933.mps.gz
/home/cril/wwf/Benchmarks/MILP/supportcase18.mps.gz
/home/cril/wwf/Benchmarks/MILP/radiationm18-12-05.mps.gz
/home/cril/wwf/Benchmarks/MILP/pg5_34.mps.gz
/home/cril/wwf/Benchmarks/MILP/decomp2.mps.gz
/home/cril/wwf/Benchmarks/MILP/app1-2.mps.gz
/home/cril/wwf/Benchmarks/MILP/nexp-150-20-8-5.mps.gz
/home/cril/wwf/Benchmarks/MILP/assign1-5-8.mps.gz
/home/cril/wwf/Benchmarks/MILP/rail01.mps.gz
/home/cril/wwf/Benchmarks/MILP/piperout-08.mps.gz
/home/cril/wwf/Benchmarks/MILP/sp97ar.mps.gz
/home/cril/wwf/Benchmarks/MILP/rococoB10-011000.mps.gz
/home/cril/wwf/Benchmarks/MILP/mcsched.mps.gz
/home/cril/wwf/Benchmarks/MILP/neos-3004026-krka.mps.gz
/home/cril/wwf/Benchmarks/MILP/neos-662469.mps.gz
/home/cril/wwf/Benchmarks/MILP/mad.mps.gz
/home/cril/wwf/Benchmarks/MILP/neos-5195221-niemur.mps.gz
/home/cril/wwf/Benchmarks/MILP/uct-subprob.mps.gz
/home/cril/wwf/Benchmarks/MILP/cryptanalysiskb128n5obj14.mps.gz
/home/cril/wwf/Benchmarks/MILP/physiciansched6-2.mps.gz
/home/cril/wwf/Benchmarks/MILP/eil33-2.mps.gz
/home/cril/wwf/Benchmarks/MILP/leo2.mps.gz
/home/cril/wwf/Benchmarks/MILP/cost266-UUE.mps.gz
/home/cril/wwf/Benchmarks/MILP/neos-3402294-bobin.mps.gz
/home/cril/wwf/Benchmarks/MILP/neos8.mps.gz
/home/cril/wwf/Benchmarks/MILP/cvs16r128-89.mps.gz
/home/cril/wwf/Benchmarks/MILP/ns1116954.mps.gz
/home/cril/wwf/Benchmarks/MILP/neos-960392.mps.gz
/home/cril/wwf/Benchmarks/MILP/ran14x18-disj-8.mps.gz
/home/cril/wwf/Benchmarks/MILP/supportcase12.mps.gz
/home/cril/wwf/Benchmarks/MILP/ex10.mps.gz
/home/cril/wwf/Benchmarks/MILP/icir97_tension.mps.gz
/home/cril/wwf/Benchmarks/MILP/germanrr.mps.gz
/home/cril/wwf/Benchmarks/MILP/neos-3656078-kumeu.mps.gz
/home/cril/wwf/Benchmarks/MILP/ns1830653.mps.gz
/home/cril/wwf/Benchmarks/MILP/lectsched-5-obj.mps.gz
/home/cril/wwf/Benchmarks/MILP/mc11.mps.gz
/home/cril/wwf/Benchmarks/MILP/exp-1-500-5-5.mps.gz
/home/cril/wwf/Benchmarks/MILP/fast0507.mps.gz
/home/cril/wwf/Benchmarks/MILP/markshare2.mps.gz
/home/cril/wwf/Benchmarks/MILP/peg-solitaire-a3.mps.gz
/home/cril/wwf/Benchmarks/MILP/k1mushroom.mps.gz
/home/cril/wwf/Benchmarks/MILP/ic97_potential.mps.gz
/home/cril/wwf/Benchmarks/MILP/mas76.mps.gz
/home/cril/wwf/Benchmarks/MILP/swath3.mps.gz
/home/cril/wwf/Benchmarks/MILP/chromaticindex1024-7.mps.gz
/home/cril/wwf/Benchmarks/MILP/qap10.mps.gz
/home/cril/wwf/Benchmarks/MILP/neos-957323.mps.gz
/home/cril/wwf/Benchmarks/MILP/glass4.mps.gz
/home/cril/wwf/Benchmarks/MILP/gen-ip002.mps.gz
/home/cril/wwf/Benchmarks/MILP/neos-827175.mps.gz
/home/cril/wwf/Benchmarks/MILP/neos-3216931-puriri.mps.gz
/home/cril/wwf/Benchmarks/MILP/istanbul-no-cutoff.mps.gz
/home/cril/wwf/Benchmarks/MILP/ns1208400.mps.gz
/home/cril/wwf/Benchmarks/MILP/graph20-20-1rand.mps.gz
/home/cril/wwf/Benchmarks/MILP/physiciansched3-3.mps.gz
/home/cril/wwf/Benchmarks/MILP/neos-3083819-nubu.mps.gz
/home/cril/wwf/Benchmarks/MILP/cod105.mps.gz
/home/cril/wwf/Benchmarks/MILP/hypothyroid-k1.mps.gz
/home/cril/wwf/Benchmarks/MILP/neos-4722843-widden.mps.gz
/home/cril/wwf/Benchmarks/MILP/app1-1.mps.gz
/home/cril/wwf/Benchmarks/MILP/trento1.mps.gz
/home/cril/wwf/Benchmarks/MILP/var-smallemery-m6j6.mps.gz
/home/cril/wwf/Benchmarks/MILP/map16715-04.mps.gz
/home/cril/wwf/Benchmarks/MILP/dano3_3.mps.gz
/home/cril/wwf/Benchmarks/MILP/nursesched-medium-hint03.mps.gz
/home/cril/wwf/Benchmarks/MILP/eilA101-2.mps.gz
/home/cril/wwf/Benchmarks/MILP/enlight_hard.mps.gz
/home/cril/wwf/Benchmarks/MILP/neos-4338804-snowy.mps.gz
/home/cril/wwf/Benchmarks/MILP/neos-4763324-toguru.mps.gz
/home/cril/wwf/Benchmarks/MILP/fiball.mps.gz
/home/cril/wwf/Benchmarks/MILP/supportcase7.mps.gz
/home/cril/wwf/Benchmarks/MILP/rocII-5-11.mps.gz
/home/cril/wwf/Benchmarks/MILP/csched008.mps.gz
/home/cril/wwf/Benchmarks/MILP/map10.mps.gz
/home/cril/wwf/Benchmarks/MILP/snp-02-004-104.mps.gz
/home/cril/wwf/Benchmarks/MILP/unitcal_7.mps.gz
/home/cril/wwf/Benchmarks/MILP/square41.mps.gz
/home/cril/wwf/Benchmarks/MILP/neos-3402454-bohle.mps.gz
/home/cril/wwf/Benchmarks/MILP/rocI-4-11.mps.gz
/home/cril/wwf/Benchmarks/MILP/supportcase33.mps.gz
/home/cril/wwf/Benchmarks/MILP/neos-873061.mps.gz
/home/cril/wwf/Benchmarks/MILP/mas74.mps.gz
/home/cril/wwf/Benchmarks/MILP/cryptanalysiskb128n5obj16.mps.gz
/home/cril/wwf/Benchmarks/MILP/nursesched-sprint02.mps.gz
/home/cril/wwf/Benchmarks/MILP/bab2.mps.gz
/home/cril/wwf/Benchmarks/MILP/mik-250-20-75-4.mps.gz
/home/cril/wwf/Benchmarks/MILP/rmatr200-p5.mps.gz
/home/cril/wwf/Benchmarks/MILP/ns1760995.mps.gz
/home/cril/wwf/Benchmarks/MILP/s100.mps.gz
/home/cril/wwf/Benchmarks/MILP/momentum1.mps.gz
/home/cril/wwf/Benchmarks/MILP/drayage-100-23.mps.gz
/home/cril/wwf/Benchmarks/MILP/neos-4647030-tutaki.mps.gz
/home/cril/wwf/Benchmarks/MILP/irish-electricity.mps.gz
/home/cril/wwf/Benchmarks/MILP/tbfp-network.mps.gz
/home/cril/wwf/Benchmarks/MILP/supportcase10.mps.gz
/home/cril/wwf/Benchmarks/MILP/gfd-schedulen180f7d50m30k18.mps.gz
/home/cril/wwf/Benchmarks/MILP/comp21-2idx.mps.gz
/home/cril/wwf/Benchmarks/MILP/neos-1171737.mps.gz
/home/cril/wwf/Benchmarks/MILP/wachplan.mps.gz
/home/cril/wwf/Benchmarks/MILP/radiationm40-10-02.mps.gz
/home/cril/wwf/Benchmarks/MILP/neos-1171448.mps.gz
/home/cril/wwf/Benchmarks/MILP/n3div36.mps.gz
